a 4 2
b 5 3
a 7 6
a 8 6
b 8 3
a 10 6
a 10 6
b 10 3